error: Parsing version constraints in the application-level package.json is more strict at the moment.

Invalid specifier version requirement. Unexpected character.
  invalid stuff that won't parse
  ~
    at file:///[WILDCARD]/error.ts:2:23
