running 1 test from [WILDCARD]/before_unload_prevent_default.ts
foo ... ok ([WILDCARD])

ok | 1 passed | 0 failed ([WILDCARD])

