Check [WILDCARD]/test/collect/include/test.ts
Check [WILDCARD]/test/collect/test.ts
running 0 tests from [WILDCARD]/test/collect/include/test.ts
running 0 tests from [WILDCARD]/test/collect/test.ts

ok | 0 passed | 0 failed ([WILDCARD])

