Check [WILDCARD]/test/doc_only/mod.ts$2-5.ts

ok | 0 passed | 0 failed ([WILDCARD])

