Check [WILDCARD]/test/filter/a_test.ts
Check [WILDCARD]/test/filter/b_test.ts
Check [WILDCARD]/test/filter/c_test.ts
running 1 test from [WILDCARD]/test/filter/a_test.ts
foo ... ok ([WILDCARD])
running 1 test from [WILDCARD]/test/filter/b_test.ts
foo ... ok ([WILDCARD])
running 1 test from [WILDCARD]/test/filter/c_test.ts
foo ... ok ([WILDCARD])

ok | 3 passed | 0 failed | 6 filtered out ([WILDCARD])

