running 1 test from ./test/hello_world.ts
hello world test ... ok ([WILDCARD])

ok | 1 passed | 0 failed ([WILDCARD])

