Check [WILDCARD]/test/interval.ts
running 0 tests from ./test/interval.ts

ok | 0 passed | 0 failed ([WILDCARD])

