running 2 tests from ./test/ops_sanitizer_nexttick.ts
test 1 ... ok ([WILDCARD])
test 2 ... ok ([WILDCARD])

ok | 2 passed | 0 failed ([WILDCARD])

