error: Invalid package specifier 'npm:@foo'. Did not contain a valid package name.
    at [WILDCARD]/invalid_package_name/main.js:1:22
