[WILDCARD]The source code is invalid, as it does not match the expected hash in the lock file.
  Specifier: http://127.0.0.1:4545/run/003_relative_import.ts
  Lock file: run/lock_v2_check_err.json
