[UNORDERED_START]
Download http://localhost:4545/npm/registry/chalk
Download http://localhost:4545/npm/registry/chai
Download http://localhost:4545/npm/registry/ansi-styles
Download http://localhost:4545/npm/registry/supports-color
Download http://localhost:4545/npm/registry/assertion-error
Download http://localhost:4545/npm/registry/check-error
Download http://localhost:4545/npm/registry/deep-eql
Download http://localhost:4545/npm/registry/get-func-name
Download http://localhost:4545/npm/registry/loupe
Download http://localhost:4545/npm/registry/pathval
Download http://localhost:4545/npm/registry/type-detect
Download http://localhost:4545/npm/registry/color-convert
Download http://localhost:4545/npm/registry/has-flag
Download http://localhost:4545/npm/registry/color-name
[UNORDERED_END]
[UNORDERED_START]
Download http://localhost:4545/npm/registry/ansi-styles/ansi-styles-4.3.0.tgz
Download http://localhost:4545/npm/registry/assertion-error/assertion-error-1.1.0.tgz
Download http://localhost:4545/npm/registry/chai/chai-4.3.6.tgz
Download http://localhost:4545/npm/registry/chalk/chalk-4.1.2.tgz
Download http://localhost:4545/npm/registry/check-error/check-error-1.0.2.tgz
Download http://localhost:4545/npm/registry/color-convert/color-convert-2.0.1.tgz
Download http://localhost:4545/npm/registry/color-name/color-name-1.1.4.tgz
Download http://localhost:4545/npm/registry/deep-eql/deep-eql-3.0.1.tgz
Download http://localhost:4545/npm/registry/get-func-name/get-func-name-2.0.0.tgz
Download http://localhost:4545/npm/registry/has-flag/has-flag-4.0.0.tgz
Download http://localhost:4545/npm/registry/loupe/loupe-2.3.4.tgz
Download http://localhost:4545/npm/registry/pathval/pathval-1.1.1.tgz
Download http://localhost:4545/npm/registry/supports-color/supports-color-7.2.0.tgz
Download http://localhost:4545/npm/registry/type-detect/type-detect-4.0.8.tgz
[UNORDERED_END]
chalk cjs loads
