Download http://localhost:4545/npm/registry/@denotest/permissions-outside-package
Download http://localhost:4545/npm/registry/@denotest/permissions-outside-package/1.0.0.tgz
{ name: "foobar", version: "0.0.1" }
