Unstable API 'Deno.UnsafePointerView#getFloat64'. The --unstable flag must be provided.
