Unstable API 'Deno.UnsafeFnPointer#call'. The --unstable flag must be provided.
