Unstable API 'Deno.UnsafePointerView#getInt16'. The --unstable flag must be provided.
