Unstable API 'Deno.UnsafePointerView#getUint16'. The --unstable flag must be provided.
