Unstable API 'Deno.UnsafePointerView#getUint8'. The --unstable flag must be provided.
