Unstable API 'Deno.dlopen'. The --unstable flag must be provided.
