error: Uncaught Error: require() of ES Module [WILDCARD]my_esm_module.js from [WILDCARD]index.js not supported. Instead change the require to a dynamic import() which is available in all CommonJS modules.
    [WILDCARD]
