Download http://localhost:4545/npm/registry/mkdirp
Download http://localhost:4545/npm/registry/mkdirp
error: Could not find npm package 'mkdirp' matching '0.5.125'.
