Download http://localhost:4545/jsr/registry/@denotest/deps/meta.json
Download http://localhost:4545/jsr/registry/@denotest/deps/1.0.0_meta.json
Download http://localhost:4545/jsr/registry/@denotest/module_graph/meta.json
Download http://localhost:4545/jsr/registry/@denotest/no_module_graph/meta.json
Download http://localhost:4545/jsr/registry/@denotest/module_graph/1.4.0_meta.json
Download http://localhost:4545/jsr/registry/@denotest/no_module_graph/0.1.1_meta.json
[UNORDERED_START]
Download http://localhost:4545/jsr/registry/@denotest/deps/1.0.0/mod.ts
Download http://localhost:4545/jsr/registry/@denotest/module_graph/1.4.0/other.ts
Download http://localhost:4545/jsr/registry/@denotest/no_module_graph/0.1.1/mod.ts
Download http://localhost:4545/jsr/registry/@denotest/no_module_graph/0.1.1/TestClass.ts
[UNORDERED_END]
{ version: "0.1.1", other: Other {} }
