cpu: [WILDCARD]
runtime: deno [WILDCARD]

[WILDCARD]/before_unload_prevent_default.ts
benchmark      time (avg)        iter/s             (min … max)       p75       p99      p995
--------------------------------------------------------------- -----------------------------
foo [WILDCARD] [WILDCARD]/iter[WILDCARD]([WILDCARD] … [WILDCARD]) [WILDCARD]
