[WILDCARD]

[WILDCARD]/bench/check_local_by_default.ts
benchmark      time (avg)        iter/s             (min â€¦ max)       p75       p99      p995
--------------------------------------------------------------- -----------------------------
