Check [WILDCARD]/bench/finally_timeout.ts
cpu: [WILDCARD]
runtime: deno [WILDCARD] ([WILDCARD])

[WILDCARD]/bench/finally_timeout.ts
benchmark      time (avg)        iter/s             (min … max)       p75       p99      p995
--------------------------------------------------------------- -----------------------------
error      error: Error: fail
[WILDCARD]
success [WILDCARD] [WILDCARD]/iter[WILDCARD]([WILDCARD] … [WILDCARD]) [WILDCARD]
error: Bench failed
