Check [WILDCARD]/bench/ignore.ts
cpu: [WILDCARD]
runtime: deno [WILDCARD] ([WILDCARD])

[WILDCARD]/bench/ignore.ts
benchmark      time (avg)        iter/s             (min â€¦ max)       p75       p99      p995
--------------------------------------------------------------- -----------------------------
