Check [WILDCARD]/bench/overloads.ts
cpu: [WILDCARD]
runtime: deno [WILDCARD] ([WILDCARD])

[WILDCARD]/bench/overloads.ts
benchmark      time (avg)        iter/s             (min … max)       p75       p99      p995
--------------------------------------------------------------- -----------------------------
bench0 [WILDCARD] [WILDCARD]/iter[WILDCARD]([WILDCARD] … [WILDCARD]) [WILDCARD]
bench1 [WILDCARD] [WILDCARD]/iter[WILDCARD]([WILDCARD] … [WILDCARD]) [WILDCARD]
bench2 [WILDCARD] [WILDCARD]/iter[WILDCARD]([WILDCARD] … [WILDCARD]) [WILDCARD]
bench3 [WILDCARD] [WILDCARD]/iter[WILDCARD]([WILDCARD] … [WILDCARD]) [WILDCARD]
bench4 [WILDCARD] [WILDCARD]/iter[WILDCARD]([WILDCARD] … [WILDCARD]) [WILDCARD]
